// Jest Snapshot v1, https://goo.gl/fbAQLP

exports[`renders learn react link 1`] = `
<div
  class="App"
>
  <div
    class="Header"
  >
    <div
      class="Header-Wrapper"
    >
      <div
        class="Header-Logo"
      >
        <img
          alt="Matic Logo"
          src="Logo.png"
        />
      </div>
      <div
        class="Header-Details"
      >
        <div>
          Call an insurance agent at 
          <span
            class="Header-Details-Number"
          >
            (877) 507-6722
          </span>
           
        </div>
        <div
          class="Header-Details-WorkingHours"
        >
          Working Hours: 9AM - 5PM (EST)
        </div>
      </div>
    </div>
  </div>
  <div
    class="MainComponent-Wrapper"
  >
    <div
      class="Component-Wrapper"
    >
      <img
        alt="Matic"
        src="HomeImage.png"
      />
      <div
        class="Component-Message"
      >
         
        Please, Answer a Few Questions
         
      </div>
      <button
        class="Button"
        data-testid="button"
        id="button"
      >
        Start
      </button>
    </div>
    <div
      class="MainComponent"
    />
  </div>
</div>
`;
